Archive member included to satisfy reference by file (symbol)

/home/pedro/st/stm32cubeide_1.12.1/plugins/com.st.stm32cube.ide.mcu.externaltools.gnu-tools-for-stm32.10.3-2021.10.linux64_1.0.200.202301161003/tools/bin/../lib/gcc/arm-none-eabi/10.3.1/../../../../arm-none-eabi/lib/thumb/v7e-m+fp/hard/libc_nano.a(lib_a-errno.o)
                              ./Core/Src/syscalls.o (__errno)
/home/pedro/st/stm32cubeide_1.12.1/plugins/com.st.stm32cube.ide.mcu.externaltools.gnu-tools-for-stm32.10.3-2021.10.linux64_1.0.200.202301161003/tools/bin/../lib/gcc/arm-none-eabi/10.3.1/../../../../arm-none-eabi/lib/thumb/v7e-m+fp/hard/libc_nano.a(lib_a-exit.o)
                              /home/pedro/st/stm32cubeide_1.12.1/plugins/com.st.stm32cube.ide.mcu.externaltools.gnu-tools-for-stm32.10.3-2021.10.linux64_1.0.200.202301161003/tools/bin/../lib/gcc/arm-none-eabi/10.3.1/../../../../arm-none-eabi/lib/thumb/v7e-m+fp/hard/crt0.o (exit)
/home/pedro/st/stm32cubeide_1.12.1/plugins/com.st.stm32cube.ide.mcu.externaltools.gnu-tools-for-stm32.10.3-2021.10.linux64_1.0.200.202301161003/tools/bin/../lib/gcc/arm-none-eabi/10.3.1/../../../../arm-none-eabi/lib/thumb/v7e-m+fp/hard/libc_nano.a(lib_a-impure.o)
                              /home/pedro/st/stm32cubeide_1.12.1/plugins/com.st.stm32cube.ide.mcu.externaltools.gnu-tools-for-stm32.10.3-2021.10.linux64_1.0.200.202301161003/tools/bin/../lib/gcc/arm-none-eabi/10.3.1/../../../../arm-none-eabi/lib/thumb/v7e-m+fp/hard/libc_nano.a(lib_a-exit.o) (_global_impure_ptr)
/home/pedro/st/stm32cubeide_1.12.1/plugins/com.st.stm32cube.ide.mcu.externaltools.gnu-tools-for-stm32.10.3-2021.10.linux64_1.0.200.202301161003/tools/bin/../lib/gcc/arm-none-eabi/10.3.1/../../../../arm-none-eabi/lib/thumb/v7e-m+fp/hard/libc_nano.a(lib_a-init.o)
                              /home/pedro/st/stm32cubeide_1.12.1/plugins/com.st.stm32cube.ide.mcu.externaltools.gnu-tools-for-stm32.10.3-2021.10.linux64_1.0.200.202301161003/tools/bin/../lib/gcc/arm-none-eabi/10.3.1/../../../../arm-none-eabi/lib/thumb/v7e-m+fp/hard/crt0.o (__libc_init_array)
/home/pedro/st/stm32cubeide_1.12.1/plugins/com.st.stm32cube.ide.mcu.externaltools.gnu-tools-for-stm32.10.3-2021.10.linux64_1.0.200.202301161003/tools/bin/../lib/gcc/arm-none-eabi/10.3.1/../../../../arm-none-eabi/lib/thumb/v7e-m+fp/hard/libc_nano.a(lib_a-memset.o)
                              /home/pedro/st/stm32cubeide_1.12.1/plugins/com.st.stm32cube.ide.mcu.externaltools.gnu-tools-for-stm32.10.3-2021.10.linux64_1.0.200.202301161003/tools/bin/../lib/gcc/arm-none-eabi/10.3.1/../../../../arm-none-eabi/lib/thumb/v7e-m+fp/hard/crt0.o (memset)
/home/pedro/st/stm32cubeide_1.12.1/plugins/com.st.stm32cube.ide.mcu.externaltools.gnu-tools-for-stm32.10.3-2021.10.linux64_1.0.200.202301161003/tools/bin/../lib/gcc/arm-none-eabi/10.3.1/thumb/v7e-m+fp/hard/libgcc.a(_aeabi_uldivmod.o)
                              ./Drivers/STM32L4xx_HAL_Driver/Src/stm32l4xx_hal_uart.o (__aeabi_uldivmod)
/home/pedro/st/stm32cubeide_1.12.1/plugins/com.st.stm32cube.ide.mcu.externaltools.gnu-tools-for-stm32.10.3-2021.10.linux64_1.0.200.202301161003/tools/bin/../lib/gcc/arm-none-eabi/10.3.1/thumb/v7e-m+fp/hard/libgcc.a(_udivmoddi4.o)
                              /home/pedro/st/stm32cubeide_1.12.1/plugins/com.st.stm32cube.ide.mcu.externaltools.gnu-tools-for-stm32.10.3-2021.10.linux64_1.0.200.202301161003/tools/bin/../lib/gcc/arm-none-eabi/10.3.1/thumb/v7e-m+fp/hard/libgcc.a(_aeabi_uldivmod.o) (__udivmoddi4)
/home/pedro/st/stm32cubeide_1.12.1/plugins/com.st.stm32cube.ide.mcu.externaltools.gnu-tools-for-stm32.10.3-2021.10.linux64_1.0.200.202301161003/tools/bin/../lib/gcc/arm-none-eabi/10.3.1/thumb/v7e-m+fp/hard/libgcc.a(_dvmd_tls.o)
                              /home/pedro/st/stm32cubeide_1.12.1/plugins/com.st.stm32cube.ide.mcu.externaltools.gnu-tools-for-stm32.10.3-2021.10.linux64_1.0.200.202301161003/tools/bin/../lib/gcc/arm-none-eabi/10.3.1/thumb/v7e-m+fp/hard/libgcc.a(_aeabi_uldivmod.o) (__aeabi_ldiv0)

Discarded input sections

 .text          0x0000000000000000        0x0 /home/pedro/st/stm32cubeide_1.12.1/plugins/com.st.stm32cube.ide.mcu.externaltools.gnu-tools-for-stm32.10.3-2021.10.linux64_1.0.200.202301161003/tools/bin/../lib/gcc/arm-none-eabi/10.3.1/thumb/v7e-m+fp/hard/crti.o
 .data          0x0000000000000000        0x0 /home/pedro/st/stm32cubeide_1.12.1/plugins/com.st.stm32cube.ide.mcu.externaltools.gnu-tools-for-stm32.10.3-2021.10.linux64_1.0.200.202301161003/tools/bin/../lib/gcc/arm-none-eabi/10.3.1/thumb/v7e-m+fp/hard/crti.o
 .bss           0x0000000000000000        0x0 /home/pedro/st/stm32cubeide_1.12.1/plugins/com.st.stm32cube.ide.mcu.externaltools.gnu-tools-for-stm32.10.3-2021.10.linux64_1.0.200.202301161003/tools/bin/../lib/gcc/arm-none-eabi/10.3.1/thumb/v7e-m+fp/hard/crti.o
[...]
Memory Configuration

Name             Origin             Length             Attributes
RAM              0x0000000020000000 0x0000000000010000 xrw
RAM2             0x0000000010000000 0x0000000000004000 xrw
FLASH            0x0000000008000000 0x0000000000040000 xr
*default*        0x0000000000000000 0xffffffffffffffff

Linker script and memory map

LOAD /home/pedro/st/stm32cubeide_1.12.1/plugins/com.st.stm32cube.ide.mcu.externaltools.gnu-tools-for-stm32.10.3-2021.10.linux64_1.0.200.202301161003/tools/bin/../lib/gcc/arm-none-eabi/10.3.1/thumb/v7e-m+fp/hard/crti.o
LOAD /home/pedro/st/stm32cubeide_1.12.1/plugins/com.st.stm32cube.ide.mcu.externaltools.gnu-tools-for-stm32.10.3-2021.10.linux64_1.0.200.202301161003/tools/bin/../lib/gcc/arm-none-eabi/10.3.1/thumb/v7e-m+fp/hard/crtbegin.o
LOAD /home/pedro/st/stm32cubeide_1.12.1/plugins/com.st.stm32cube.ide.mcu.externaltools.gnu-tools-for-stm32.10.3-2021.10.linux64_1.0.200.202301161003/tools/bin/../lib/gcc/arm-none-eabi/10.3.1/../../../../arm-none-eabi/lib/thumb/v7e-m+fp/hard/crt0.o
LOAD ./Core/Src/main.o
LOAD ./Core/Src/stm32l4xx_hal_msp.o
LOAD ./Core/Src/stm32l4xx_it.o
LOAD ./Core/Src/syscalls.o
LOAD ./Core/Src/sysmem.o
LOAD ./Core/Src/system_stm32l4xx.o
LOAD ./Core/Startup/startup_stm32l432kcux.o
LOAD ./Drivers/STM32L4xx_HAL_Driver/Src/stm32l4xx_hal.o
LOAD ./Drivers/STM32L4xx_HAL_Driver/Src/stm32l4xx_hal_cortex.o
LOAD ./Drivers/STM32L4xx_HAL_Driver/Src/stm32l4xx_hal_dma.o
LOAD ./Drivers/STM32L4xx_HAL_Driver/Src/stm32l4xx_hal_dma_ex.o
LOAD ./Drivers/STM32L4xx_HAL_Driver/Src/stm32l4xx_hal_exti.o
LOAD ./Drivers/STM32L4xx_HAL_Driver/Src/stm32l4xx_hal_flash.o
LOAD ./Drivers/STM32L4xx_HAL_Driver/Src/stm32l4xx_hal_flash_ex.o
LOAD ./Drivers/STM32L4xx_HAL_Driver/Src/stm32l4xx_hal_flash_ramfunc.o
LOAD ./Drivers/STM32L4xx_HAL_Driver/Src/stm32l4xx_hal_gpio.o
LOAD ./Drivers/STM32L4xx_HAL_Driver/Src/stm32l4xx_hal_i2c.o
LOAD ./Drivers/STM32L4xx_HAL_Driver/Src/stm32l4xx_hal_i2c_ex.o
LOAD ./Drivers/STM32L4xx_HAL_Driver/Src/stm32l4xx_hal_pwr.o
LOAD ./Drivers/STM32L4xx_HAL_Driver/Src/stm32l4xx_hal_pwr_ex.o
LOAD ./Drivers/STM32L4xx_HAL_Driver/Src/stm32l4xx_hal_rcc.o
LOAD ./Drivers/STM32L4xx_HAL_Driver/Src/stm32l4xx_hal_rcc_ex.o
LOAD ./Drivers/STM32L4xx_HAL_Driver/Src/stm32l4xx_hal_tim.o
LOAD ./Drivers/STM32L4xx_HAL_Driver/Src/stm32l4xx_hal_tim_ex.o
LOAD ./Drivers/STM32L4xx_HAL_Driver/Src/stm32l4xx_hal_uart.o
LOAD ./Drivers/STM32L4xx_HAL_Driver/Src/stm32l4xx_hal_uart_ex.o
START GROUP
LOAD /home/pedro/st/stm32cubeide_1.12.1/plugins/com.st.stm32cube.ide.mcu.externaltools.gnu-tools-for-stm32.10.3-2021.10.linux64_1.0.200.202301161003/tools/bin/../lib/gcc/arm-none-eabi/10.3.1/../../../../arm-none-eabi/lib/thumb/v7e-m+fp/hard/libstdc++_nano.a
LOAD /home/pedro/st/stm32cubeide_1.12.1/plugins/com.st.stm32cube.ide.mcu.externaltools.gnu-tools-for-stm32.10.3-2021.10.linux64_1.0.200.202301161003/tools/bin/../lib/gcc/arm-none-eabi/10.3.1/../../../../arm-none-eabi/lib/thumb/v7e-m+fp/hard/libsupc++_nano.a
END GROUP
LOAD /home/pedro/st/stm32cubeide_1.12.1/plugins/com.st.stm32cube.ide.mcu.externaltools.gnu-tools-for-stm32.10.3-2021.10.linux64_1.0.200.202301161003/tools/bin/../lib/gcc/arm-none-eabi/10.3.1/../../../../arm-none-eabi/lib/thumb/v7e-m+fp/hard/libstdc++_nano.a
LOAD /home/pedro/st/stm32cubeide_1.12.1/plugins/com.st.stm32cube.ide.mcu.externaltools.gnu-tools-for-stm32.10.3-2021.10.linux64_1.0.200.202301161003/tools/bin/../lib/gcc/arm-none-eabi/10.3.1/../../../../arm-none-eabi/lib/thumb/v7e-m+fp/hard/libm.a
LOAD /home/pedro/st/stm32cubeide_1.12.1/plugins/com.st.stm32cube.ide.mcu.externaltools.gnu-tools-for-stm32.10.3-2021.10.linux64_1.0.200.202301161003/tools/bin/../lib/gcc/arm-none-eabi/10.3.1/../../../../arm-none-eabi/lib/thumb/v7e-m+fp/hard/libc_nano.a
START GROUP
LOAD /home/pedro/st/stm32cubeide_1.12.1/plugins/com.st.stm32cube.ide.mcu.externaltools.gnu-tools-for-stm32.10.3-2021.10.linux64_1.0.200.202301161003/tools/bin/../lib/gcc/arm-none-eabi/10.3.1/thumb/v7e-m+fp/hard/libgcc.a
LOAD /home/pedro/st/stm32cubeide_1.12.1/plugins/com.st.stm32cube.ide.mcu.externaltools.gnu-tools-for-stm32.10.3-2021.10.linux64_1.0.200.202301161003/tools/bin/../lib/gcc/arm-none-eabi/10.3.1/../../../../arm-none-eabi/lib/thumb/v7e-m+fp/hard/libc_nano.a
END GROUP
START GROUP
LOAD /home/pedro/st/stm32cubeide_1.12.1/plugins/com.st.stm32cube.ide.mcu.externaltools.gnu-tools-for-stm32.10.3-2021.10.linux64_1.0.200.202301161003/tools/bin/../lib/gcc/arm-none-eabi/10.3.1/thumb/v7e-m+fp/hard/libgcc.a
LOAD /home/pedro/st/stm32cubeide_1.12.1/plugins/com.st.stm32cube.ide.mcu.externaltools.gnu-tools-for-stm32.10.3-2021.10.linux64_1.0.200.202301161003/tools/bin/../lib/gcc/arm-none-eabi/10.3.1/../../../../arm-none-eabi/lib/thumb/v7e-m+fp/hard/libc_nano.a
LOAD /home/pedro/st/stm32cubeide_1.12.1/plugins/com.st.stm32cube.ide.mcu.externaltools.gnu-tools-for-stm32.10.3-2021.10.linux64_1.0.200.202301161003/tools/bin/../lib/gcc/arm-none-eabi/10.3.1/../../../../arm-none-eabi/lib/thumb/v7e-m+fp/hard/libnosys.a
END GROUP
START GROUP
LOAD /home/pedro/st/stm32cubeide_1.12.1/plugins/com.st.stm32cube.ide.mcu.externaltools.gnu-tools-for-stm32.10.3-2021.10.linux64_1.0.200.202301161003/tools/bin/../lib/gcc/arm-none-eabi/10.3.1/thumb/v7e-m+fp/hard/libgcc.a
LOAD /home/pedro/st/stm32cubeide_1.12.1/plugins/com.st.stm32cube.ide.mcu.externaltools.gnu-tools-for-stm32.10.3-2021.10.linux64_1.0.200.202301161003/tools/bin/../lib/gcc/arm-none-eabi/10.3.1/../../../../arm-none-eabi/lib/thumb/v7e-m+fp/hard/libc_nano.a
LOAD /home/pedro/st/stm32cubeide_1.12.1/plugins/com.st.stm32cube.ide.mcu.externaltools.gnu-tools-for-stm32.10.3-2021.10.linux64_1.0.200.202301161003/tools/bin/../lib/gcc/arm-none-eabi/10.3.1/../../../../arm-none-eabi/lib/thumb/v7e-m+fp/hard/libnosys.a
END GROUP
LOAD /home/pedro/st/stm32cubeide_1.12.1/plugins/com.st.stm32cube.ide.mcu.externaltools.gnu-tools-for-stm32.10.3-2021.10.linux64_1.0.200.202301161003/tools/bin/../lib/gcc/arm-none-eabi/10.3.1/thumb/v7e-m+fp/hard/crtend.o
LOAD /home/pedro/st/stm32cubeide_1.12.1/plugins/com.st.stm32cube.ide.mcu.externaltools.gnu-tools-for-stm32.10.3-2021.10.linux64_1.0.200.202301161003/tools/bin/../lib/gcc/arm-none-eabi/10.3.1/thumb/v7e-m+fp/hard/crtn.o
                0x0000000020010000                _estack = (ORIGIN (RAM) + LENGTH (RAM))
                0x0000000000000200                _Min_Heap_Size = 0x200
                0x0000000000000400                _Min_Stack_Size = 0x400

.isr_vector     0x0000000008000000      0x18c
                0x0000000008000000                . = ALIGN (0x4)
 *(.isr_vector)
 .isr_vector    0x0000000008000000      0x18c ./Core/Startup/startup_stm32l432kcux.o
                0x0000000008000000                g_pfnVectors
                0x000000000800018c                . = ALIGN (0x4)

.text           0x000000000800018c     0x4ffc
                0x000000000800018c                . = ALIGN (0x4)
 *(.text)
 .text          0x000000000800018c       0x40 /home/pedro/st/stm32cubeide_1.12.1/plugins/com.st.stm32cube.ide.mcu.externaltools.gnu-tools-for-stm32.10.3-2021.10.linux64_1.0.200.202301161003/tools/bin/../lib/gcc/arm-none-eabi/10.3.1/thumb/v7e-m+fp/hard/crtbegin.o
 .text          0x00000000080001cc       0x30 /home/pedro/st/stm32cubeide_1.12.1/plugins/com.st.stm32cube.ide.mcu.externaltools.gnu-tools-for-stm32.10.3-2021.10.linux64_1.0.200.202301161003/tools/bin/../lib/gcc/arm-none-eabi/10.3.1/thumb/v7e-m+fp/hard/libgcc.a(_aeabi_uldivmod.o)
                0x00000000080001cc                __aeabi_uldivmod
 .text          0x00000000080001fc      0x2d0 /home/pedro/st/stm32cubeide_1.12.1/plugins/com.st.stm32cube.ide.mcu.externaltools.gnu-tools-for-stm32.10.3-2021.10.linux64_1.0.200.202301161003/tools/bin/../lib/gcc/arm-none-eabi/10.3.1/thumb/v7e-m+fp/hard/libgcc.a(_udivmoddi4.o)
                0x00000000080001fc                __udivmoddi4
 .text          0x00000000080004cc        0x4 /home/pedro/st/stm32cubeide_1.12.1/plugins/com.st.stm32cube.ide.mcu.externaltools.gnu-tools-for-stm32.10.3-2021.10.linux64_1.0.200.202301161003/tools/bin/../lib/gcc/arm-none-eabi/10.3.1/thumb/v7e-m+fp/hard/libgcc.a(_dvmd_tls.o)
                0x00000000080004cc                __aeabi_ldiv0
                0x00000000080004cc                __aeabi_idiv0
 *(.text*)
 .text.HAL_TIM_IC_CaptureCallback
                0x00000000080004d0      0x1c8 ./Core/Src/main.o
                0x00000000080004d0                HAL_TIM_IC_CaptureCallback
 .text.main     0x0000000008000698       0xac ./Core/Src/main.o
                0x0000000008000698                main
 .text._Z18SystemClock_Configv
                0x0000000008000744       0xc2 ./Core/Src/main.o
                0x0000000008000744                SystemClock_Config()
 *fill*         0x0000000008000806        0x2 
 .text._ZL12MX_I2C1_Initv
                0x0000000008000808       0x9c ./Core/Src/main.o
 .text._ZL12MX_TIM1_Initv
                0x00000000080008a4      0x168 ./Core/Src/main.o
 .text._ZL12MX_TIM2_Initv
                0x0000000008000a0c      0x134 ./Core/Src/main.o
 .text._ZL13MX_TIM15_Initv
                0x0000000008000b40       0xcc ./Core/Src/main.o
 .text._ZL19MX_USART1_UART_Initv
                0x0000000008000c0c       0x68 ./Core/Src/main.o
 .text._ZL19MX_USART2_UART_Initv
                0x0000000008000c74       0x68 ./Core/Src/main.o
 .text._ZL12MX_GPIO_Initv
                0x0000000008000cdc       0xb4 ./Core/Src/main.o
 .text.Error_Handler
                0x0000000008000d90        0xa ./Core/Src/main.o
                0x0000000008000d90                Error_Handler
 *fill*         0x0000000008000d9a        0x2 
 .text.HAL_MspInit
                0x0000000008000d9c       0x48 ./Core/Src/stm32l4xx_hal_msp.o
                0x0000000008000d9c                HAL_MspInit
 .text.HAL_I2C_MspInit
                0x0000000008000de4       0xb0 ./Core/Src/stm32l4xx_hal_msp.o
                0x0000000008000de4                HAL_I2C_MspInit
 .text.HAL_TIM_PWM_MspInit
                0x0000000008000e94       0x7c ./Core/Src/stm32l4xx_hal_msp.o
                0x0000000008000e94                HAL_TIM_PWM_MspInit
 .text.HAL_TIM_Base_MspInit
                0x0000000008000f10       0x90 ./Core/Src/stm32l4xx_hal_msp.o
                0x0000000008000f10                HAL_TIM_Base_MspInit
 .text.HAL_TIM_IC_MspInit
                0x0000000008000fa0       0x94 ./Core/Src/stm32l4xx_hal_msp.o
                0x0000000008000fa0                HAL_TIM_IC_MspInit
 .text.HAL_TIM_MspPostInit
                0x0000000008001034       0x70 ./Core/Src/stm32l4xx_hal_msp.o
                0x0000000008001034                HAL_TIM_MspPostInit
 .text.HAL_UART_MspInit
                0x00000000080010a4      0x154 ./Core/Src/stm32l4xx_hal_msp.o
                0x00000000080010a4                HAL_UART_MspInit
 .text.NMI_Handler
                0x00000000080011f8        0x6 ./Core/Src/stm32l4xx_it.o
                0x00000000080011f8                NMI_Handler
 .text.HardFault_Handler
                0x00000000080011fe        0x6 ./Core/Src/stm32l4xx_it.o
                0x00000000080011fe                HardFault_Handler
 .text.MemManage_Handler
                0x0000000008001204        0x6 ./Core/Src/stm32l4xx_it.o
                0x0000000008001204                MemManage_Handler
 .text.BusFault_Handler
                0x000000000800120a        0x6 ./Core/Src/stm32l4xx_it.o
                0x000000000800120a                BusFault_Handler
 .text.UsageFault_Handler
                0x0000000008001210        0x6 ./Core/Src/stm32l4xx_it.o
                0x0000000008001210                UsageFault_Handler
 .text.SVC_Handler
                0x0000000008001216        0xe ./Core/Src/stm32l4xx_it.o
                0x0000000008001216                SVC_Handler
 .text.DebugMon_Handler
                0x0000000008001224        0xe ./Core/Src/stm32l4xx_it.o
                0x0000000008001224                DebugMon_Handler
 .text.PendSV_Handler
                0x0000000008001232        0xe ./Core/Src/stm32l4xx_it.o
                0x0000000008001232                PendSV_Handler
 .text.SysTick_Handler
                0x0000000008001240        0xc ./Core/Src/stm32l4xx_it.o
                0x0000000008001240                SysTick_Handler
 .text.TIM1_BRK_TIM15_IRQHandler
                0x000000000800124c       0x1c ./Core/Src/stm32l4xx_it.o
                0x000000000800124c                TIM1_BRK_TIM15_IRQHandler
 .text.TIM1_UP_TIM16_IRQHandler
                0x0000000008001268       0x14 ./Core/Src/stm32l4xx_it.o
                0x0000000008001268                TIM1_UP_TIM16_IRQHandler
 .text.TIM1_TRG_COM_IRQHandler
                0x000000000800127c       0x14 ./Core/Src/stm32l4xx_it.o
                0x000000000800127c                TIM1_TRG_COM_IRQHandler
 .text.TIM1_CC_IRQHandler
                0x0000000008001290       0x14 ./Core/Src/stm32l4xx_it.o
                0x0000000008001290                TIM1_CC_IRQHandler
 .text.TIM2_IRQHandler
                0x00000000080012a4       0x14 ./Core/Src/stm32l4xx_it.o
                0x00000000080012a4                TIM2_IRQHandler
 .text.SystemInit
                0x00000000080012b8       0x24 ./Core/Src/system_stm32l4xx.o
                0x00000000080012b8                SystemInit
 .text.Reset_Handler
                0x00000000080012dc       0x50 ./Core/Startup/startup_stm32l432kcux.o
                0x00000000080012dc                Reset_Handler
 .text.Default_Handler
                0x000000000800132c        0x2 ./Core/Startup/startup_stm32l432kcux.o
                0x000000000800132c                RTC_Alarm_IRQHandler
                0x000000000800132c                EXTI2_IRQHandler
                0x000000000800132c                TSC_IRQHandler
                0x000000000800132c                TAMP_STAMP_IRQHandler
                0x000000000800132c                EXTI3_IRQHandler
                0x000000000800132c                LPTIM2_IRQHandler
                0x000000000800132c                I2C3_ER_IRQHandler
                0x000000000800132c                EXTI0_IRQHandler
                0x000000000800132c                CAN1_RX0_IRQHandler
                0x000000000800132c                FPU_IRQHandler
                0x000000000800132c                SPI1_IRQHandler
                0x000000000800132c                TIM6_DAC_IRQHandler
                0x000000000800132c                DMA2_Channel2_IRQHandler
                0x000000000800132c                DMA1_Channel4_IRQHandler
                0x000000000800132c                ADC1_IRQHandler
                0x000000000800132c                DMA1_Channel7_IRQHandler
                0x000000000800132c                CAN1_RX1_IRQHandler
                0x000000000800132c                DMA2_Channel1_IRQHandler
                0x000000000800132c                QUADSPI_IRQHandler
                0x000000000800132c                I2C1_EV_IRQHandler
                0x000000000800132c                DMA1_Channel6_IRQHandler
                0x000000000800132c                DMA2_Channel4_IRQHandler
                0x000000000800132c                RCC_IRQHandler
                0x000000000800132c                DMA1_Channel1_IRQHandler
                0x000000000800132c                Default_Handler
                0x000000000800132c                DMA2_Channel7_IRQHandler
                0x000000000800132c                EXTI15_10_IRQHandler
                0x000000000800132c                TIM7_IRQHandler
                0x000000000800132c                I2C3_EV_IRQHandler
                0x000000000800132c                USB_IRQHandler
                0x000000000800132c                EXTI9_5_IRQHandler
                0x000000000800132c                RTC_WKUP_IRQHandler
                0x000000000800132c                PVD_PVM_IRQHandler
                0x000000000800132c                CAN1_TX_IRQHandler
                0x000000000800132c                DMA2_Channel5_IRQHandler
                0x000000000800132c                CRS_IRQHandler
                0x000000000800132c                DMA1_Channel5_IRQHandler
                0x000000000800132c                EXTI4_IRQHandler
                0x000000000800132c                RNG_IRQHandler
                0x000000000800132c                DMA1_Channel3_IRQHandler
                0x000000000800132c                COMP_IRQHandler
                0x000000000800132c                WWDG_IRQHandler
                0x000000000800132c                LPUART1_IRQHandler
                0x000000000800132c                DMA2_Channel6_IRQHandler
                0x000000000800132c                EXTI1_IRQHandler
                0x000000000800132c                USART2_IRQHandler
                0x000000000800132c                DMA1_Channel2_IRQHandler
                0x000000000800132c                CAN1_SCE_IRQHandler
                0x000000000800132c                FLASH_IRQHandler
                0x000000000800132c                USART1_IRQHandler
                0x000000000800132c                SPI3_IRQHandler
                0x000000000800132c                I2C1_ER_IRQHandler
                0x000000000800132c                SWPMI1_IRQHandler
                0x000000000800132c                LPTIM1_IRQHandler
                0x000000000800132c                SAI1_IRQHandler
                0x000000000800132c                DMA2_Channel3_IRQHandler
 .text.HAL_Init
                0x000000000800132e       0x30 ./Drivers/STM32L4xx_HAL_Driver/Src/stm32l4xx_hal.o
                0x000000000800132e                HAL_Init
 *fill*         0x000000000800135e        0x2 
 .text.HAL_InitTick
                0x0000000008001360       0x78 ./Drivers/STM32L4xx_HAL_Driver/Src/stm32l4xx_hal.o
                0x0000000008001360                HAL_InitTick
 .text.HAL_IncTick
                0x00000000080013d8       0x28 ./Drivers/STM32L4xx_HAL_Driver/Src/stm32l4xx_hal.o
                0x00000000080013d8                HAL_IncTick
 .text.HAL_GetTick
                0x0000000008001400       0x18 ./Drivers/STM32L4xx_HAL_Driver/Src/stm32l4xx_hal.o
                0x0000000008001400                HAL_GetTick
 .text.HAL_Delay
                0x0000000008001418       0x48 ./Drivers/STM32L4xx_HAL_Driver/Src/stm32l4xx_hal.o
                0x0000000008001418                HAL_Delay
 .text.__NVIC_SetPriorityGrouping
                0x0000000008001460       0x48 ./Drivers/STM32L4xx_HAL_Driver/Src/stm32l4xx_hal_cortex.o
 .text.__NVIC_GetPriorityGrouping
                0x00000000080014a8       0x1c ./Drivers/STM32L4xx_HAL_Driver/Src/stm32l4xx_hal_cortex.o
 .text.__NVIC_EnableIRQ
                0x00000000080014c4       0x3c ./Drivers/STM32L4xx_HAL_Driver/Src/stm32l4xx_hal_cortex.o
 .text.__NVIC_SetPriority
                0x0000000008001500       0x54 ./Drivers/STM32L4xx_HAL_Driver/Src/stm32l4xx_hal_cortex.o
 .text.NVIC_EncodePriority
                0x0000000008001554       0x66 ./Drivers/STM32L4xx_HAL_Driver/Src/stm32l4xx_hal_cortex.o
 *fill*         0x00000000080015ba        0x2 
 .text.SysTick_Config
                0x00000000080015bc       0x44 ./Drivers/STM32L4xx_HAL_Driver/Src/stm32l4xx_hal_cortex.o
 .text.HAL_NVIC_SetPriorityGrouping
                0x0000000008001600       0x16 ./Drivers/STM32L4xx_HAL_Driver/Src/stm32l4xx_hal_cortex.o
                0x0000000008001600                HAL_NVIC_SetPriorityGrouping
 .text.HAL_NVIC_SetPriority
                0x0000000008001616       0x38 ./Drivers/STM32L4xx_HAL_Driver/Src/stm32l4xx_hal_cortex.o
                0x0000000008001616                HAL_NVIC_SetPriority
 .text.HAL_NVIC_EnableIRQ
                0x000000000800164e       0x1c ./Drivers/STM32L4xx_HAL_Driver/Src/stm32l4xx_hal_cortex.o
                0x000000000800164e                HAL_NVIC_EnableIRQ
 .text.HAL_SYSTICK_Config
                0x000000000800166a       0x18 ./Drivers/STM32L4xx_HAL_Driver/Src/stm32l4xx_hal_cortex.o
                0x000000000800166a                HAL_SYSTICK_Config
 *fill*         0x0000000008001682        0x2 
 .text.HAL_GPIO_Init
                0x0000000008001684      0x2d4 ./Drivers/STM32L4xx_HAL_Driver/Src/stm32l4xx_hal_gpio.o
                0x0000000008001684                HAL_GPIO_Init
 .text.HAL_GPIO_ReadPin
                0x0000000008001958       0x30 ./Drivers/STM32L4xx_HAL_Driver/Src/stm32l4xx_hal_gpio.o
                0x0000000008001958                HAL_GPIO_ReadPin
 .text.HAL_GPIO_WritePin
                0x0000000008001988       0x30 ./Drivers/STM32L4xx_HAL_Driver/Src/stm32l4xx_hal_gpio.o
                0x0000000008001988                HAL_GPIO_WritePin
 .text.HAL_GPIO_TogglePin
                0x00000000080019b8       0x34 ./Drivers/STM32L4xx_HAL_Driver/Src/stm32l4xx_hal_gpio.o
                0x00000000080019b8                HAL_GPIO_TogglePin
 .text.HAL_I2C_Init
                0x00000000080019ec      0x11e ./Drivers/STM32L4xx_HAL_Driver/Src/stm32l4xx_hal_i2c.o
                0x00000000080019ec                HAL_I2C_Init
 .text.HAL_I2CEx_ConfigAnalogFilter
                0x0000000008001b0a       0x96 ./Drivers/STM32L4xx_HAL_Driver/Src/stm32l4xx_hal_i2c_ex.o
                0x0000000008001b0a                HAL_I2CEx_ConfigAnalogFilter
 .text.HAL_I2CEx_ConfigDigitalFilter
                0x0000000008001ba0       0x98 ./Drivers/STM32L4xx_HAL_Driver/Src/stm32l4xx_hal_i2c_ex.o
                0x0000000008001ba0                HAL_I2CEx_ConfigDigitalFilter
 .text.HAL_PWREx_GetVoltageRange
                0x0000000008001c38       0x1c ./Drivers/STM32L4xx_HAL_Driver/Src/stm32l4xx_hal_pwr_ex.o
                0x0000000008001c38                HAL_PWREx_GetVoltageRange
 .text.HAL_PWREx_ControlVoltageScaling
                0x0000000008001c54       0xac ./Drivers/STM32L4xx_HAL_Driver/Src/stm32l4xx_hal_pwr_ex.o
                0x0000000008001c54                HAL_PWREx_ControlVoltageScaling
 .text.HAL_RCC_OscConfig
                0x0000000008001d00      0x828 ./Drivers/STM32L4xx_HAL_Driver/Src/stm32l4xx_hal_rcc.o
                0x0000000008001d00                HAL_RCC_OscConfig
 .text.HAL_RCC_ClockConfig
                0x0000000008002528      0x200 ./Drivers/STM32L4xx_HAL_Driver/Src/stm32l4xx_hal_rcc.o
                0x0000000008002528                HAL_RCC_ClockConfig
 .text.HAL_RCC_GetSysClockFreq
                0x0000000008002728      0x118 ./Drivers/STM32L4xx_HAL_Driver/Src/stm32l4xx_hal_rcc.o
                0x0000000008002728                HAL_RCC_GetSysClockFreq
 .text.HAL_RCC_GetHCLKFreq
                0x0000000008002840       0x18 ./Drivers/STM32L4xx_HAL_Driver/Src/stm32l4xx_hal_rcc.o
                0x0000000008002840                HAL_RCC_GetHCLKFreq
 .text.HAL_RCC_GetPCLK1Freq
                0x0000000008002858       0x2c ./Drivers/STM32L4xx_HAL_Driver/Src/stm32l4xx_hal_rcc.o
                0x0000000008002858                HAL_RCC_GetPCLK1Freq
 .text.HAL_RCC_GetPCLK2Freq
                0x0000000008002884       0x2c ./Drivers/STM32L4xx_HAL_Driver/Src/stm32l4xx_hal_rcc.o
                0x0000000008002884                HAL_RCC_GetPCLK2Freq
 .text.RCC_SetFlashLatencyFromMSIRange
                0x00000000080028b0       0xc0 ./Drivers/STM32L4xx_HAL_Driver/Src/stm32l4xx_hal_rcc.o
 .text.HAL_RCCEx_PeriphCLKConfig
                0x0000000008002970      0x3ec ./Drivers/STM32L4xx_HAL_Driver/Src/stm32l4xx_hal_rcc_ex.o
                0x0000000008002970                HAL_RCCEx_PeriphCLKConfig
 .text.RCCEx_PLLSAI1_Config
                0x0000000008002d5c      0x1e4 ./Drivers/STM32L4xx_HAL_Driver/Src/stm32l4xx_hal_rcc_ex.o
 .text.HAL_TIM_Base_Init
                0x0000000008002f40       0xae ./Drivers/STM32L4xx_HAL_Driver/Src/stm32l4xx_hal_tim.o
                0x0000000008002f40                HAL_TIM_Base_Init
 .text.HAL_TIM_PWM_Init
                0x0000000008002fee       0xae ./Drivers/STM32L4xx_HAL_Driver/Src/stm32l4xx_hal_tim.o
                0x0000000008002fee                HAL_TIM_PWM_Init
 .text.HAL_TIM_PWM_Start
                0x000000000800309c      0x1bc ./Drivers/STM32L4xx_HAL_Driver/Src/stm32l4xx_hal_tim.o
                0x000000000800309c                HAL_TIM_PWM_Start
 .text.HAL_TIM_IC_Init
                0x0000000008003258       0xae ./Drivers/STM32L4xx_HAL_Driver/Src/stm32l4xx_hal_tim.o
                0x0000000008003258                HAL_TIM_IC_Init
 *fill*         0x0000000008003306        0x2 
 .text.HAL_TIM_IC_Start_IT
                0x0000000008003308      0x25c ./Drivers/STM32L4xx_HAL_Driver/Src/stm32l4xx_hal_tim.o
                0x0000000008003308                HAL_TIM_IC_Start_IT
 .text.HAL_TIM_IRQHandler
                0x0000000008003564      0x23e ./Drivers/STM32L4xx_HAL_Driver/Src/stm32l4xx_hal_tim.o
                0x0000000008003564                HAL_TIM_IRQHandler
 .text.HAL_TIM_IC_ConfigChannel
                0x00000000080037a2      0x138 ./Drivers/STM32L4xx_HAL_Driver/Src/stm32l4xx_hal_tim.o
                0x00000000080037a2                HAL_TIM_IC_ConfigChannel
 *fill*         0x00000000080038da        0x2 
 .text.HAL_TIM_PWM_ConfigChannel
                0x00000000080038dc      0x228 ./Drivers/STM32L4xx_HAL_Driver/Src/stm32l4xx_hal_tim.o
                0x00000000080038dc                HAL_TIM_PWM_ConfigChannel
 .text.HAL_TIM_ConfigClockSource
                0x0000000008003b04      0x192 ./Drivers/STM32L4xx_HAL_Driver/Src/stm32l4xx_hal_tim.o
                0x0000000008003b04                HAL_TIM_ConfigClockSource
 *fill*         0x0000000008003c96        0x2 
 .text.HAL_TIM_ReadCapturedValue
                0x0000000008003c98       0x88 ./Drivers/STM32L4xx_HAL_Driver/Src/stm32l4xx_hal_tim.o
                0x0000000008003c98                HAL_TIM_ReadCapturedValue
 .text.HAL_TIM_PeriodElapsedCallback
                0x0000000008003d20       0x14 ./Drivers/STM32L4xx_HAL_Driver/Src/stm32l4xx_hal_tim.o
                0x0000000008003d20                HAL_TIM_PeriodElapsedCallback
 .text.HAL_TIM_OC_DelayElapsedCallback
                0x0000000008003d34       0x14 ./Drivers/STM32L4xx_HAL_Driver/Src/stm32l4xx_hal_tim.o
                0x0000000008003d34                HAL_TIM_OC_DelayElapsedCallback
 .text.HAL_TIM_PWM_PulseFinishedCallback
                0x0000000008003d48       0x14 ./Drivers/STM32L4xx_HAL_Driver/Src/stm32l4xx_hal_tim.o
                0x0000000008003d48                HAL_TIM_PWM_PulseFinishedCallback
 .text.HAL_TIM_TriggerCallback
                0x0000000008003d5c       0x14 ./Drivers/STM32L4xx_HAL_Driver/Src/stm32l4xx_hal_tim.o
                0x0000000008003d5c                HAL_TIM_TriggerCallback
 .text.TIM_Base_SetConfig
                0x0000000008003d70       0xc8 ./Drivers/STM32L4xx_HAL_Driver/Src/stm32l4xx_hal_tim.o
                0x0000000008003d70                TIM_Base_SetConfig
 .text.TIM_OC1_SetConfig
                0x0000000008003e38       0xf8 ./Drivers/STM32L4xx_HAL_Driver/Src/stm32l4xx_hal_tim.o
 .text.TIM_OC2_SetConfig
                0x0000000008003f30       0xf4 ./Drivers/STM32L4xx_HAL_Driver/Src/stm32l4xx_hal_tim.o
                0x0000000008003f30                TIM_OC2_SetConfig
 .text.TIM_OC3_SetConfig
                0x0000000008004024       0xf0 ./Drivers/STM32L4xx_HAL_Driver/Src/stm32l4xx_hal_tim.o
 .text.TIM_OC4_SetConfig
                0x0000000008004114       0xbc ./Drivers/STM32L4xx_HAL_Driver/Src/stm32l4xx_hal_tim.o
 .text.TIM_OC5_SetConfig
                0x00000000080041d0       0xb0 ./Drivers/STM32L4xx_HAL_Driver/Src/stm32l4xx_hal_tim.o
 .text.TIM_OC6_SetConfig
                0x0000000008004280       0xb4 ./Drivers/STM32L4xx_HAL_Driver/Src/stm32l4xx_hal_tim.o
 .text.TIM_TI1_SetConfig
                0x0000000008004334       0xac ./Drivers/STM32L4xx_HAL_Driver/Src/stm32l4xx_hal_tim.o
                0x0000000008004334                TIM_TI1_SetConfig
 .text.TIM_TI1_ConfigInputStage
                0x00000000080043e0       0x5e ./Drivers/STM32L4xx_HAL_Driver/Src/stm32l4xx_hal_tim.o
 .text.TIM_TI2_SetConfig
                0x000000000800443e       0x7a ./Drivers/STM32L4xx_HAL_Driver/Src/stm32l4xx_hal_tim.o
 .text.TIM_TI2_ConfigInputStage
                0x00000000080044b8       0x60 ./Drivers/STM32L4xx_HAL_Driver/Src/stm32l4xx_hal_tim.o
 .text.TIM_TI3_SetConfig
                0x0000000008004518       0x78 ./Drivers/STM32L4xx_HAL_Driver/Src/stm32l4xx_hal_tim.o
 .text.TIM_TI4_SetConfig
                0x0000000008004590       0x7a ./Drivers/STM32L4xx_HAL_Driver/Src/stm32l4xx_hal_tim.o
 .text.TIM_ITRx_SetConfig
                0x000000000800460a       0x36 ./Drivers/STM32L4xx_HAL_Driver/Src/stm32l4xx_hal_tim.o
 .text.TIM_ETR_SetConfig
                0x0000000008004640       0x40 ./Drivers/STM32L4xx_HAL_Driver/Src/stm32l4xx_hal_tim.o
                0x0000000008004640                TIM_ETR_SetConfig
 .text.TIM_CCxChannelCmd
                0x0000000008004680       0x4a ./Drivers/STM32L4xx_HAL_Driver/Src/stm32l4xx_hal_tim.o
                0x0000000008004680                TIM_CCxChannelCmd
 *fill*         0x00000000080046ca        0x2 
 .text.HAL_TIMEx_MasterConfigSynchronization
                0x00000000080046cc       0xcc ./Drivers/STM32L4xx_HAL_Driver/Src/stm32l4xx_hal_tim_ex.o
                0x00000000080046cc                HAL_TIMEx_MasterConfigSynchronization
 .text.HAL_TIMEx_ConfigBreakDeadTime
                0x0000000008004798       0xf0 ./Drivers/STM32L4xx_HAL_Driver/Src/stm32l4xx_hal_tim_ex.o
                0x0000000008004798                HAL_TIMEx_ConfigBreakDeadTime
 .text.HAL_TIMEx_CommutCallback
                0x0000000008004888       0x14 ./Drivers/STM32L4xx_HAL_Driver/Src/stm32l4xx_hal_tim_ex.o
                0x0000000008004888                HAL_TIMEx_CommutCallback
 .text.HAL_TIMEx_BreakCallback
                0x000000000800489c       0x14 ./Drivers/STM32L4xx_HAL_Driver/Src/stm32l4xx_hal_tim_ex.o
                0x000000000800489c                HAL_TIMEx_BreakCallback
 .text.HAL_TIMEx_Break2Callback
                0x00000000080048b0       0x14 ./Drivers/STM32L4xx_HAL_Driver/Src/stm32l4xx_hal_tim_ex.o
                0x00000000080048b0                HAL_TIMEx_Break2Callback
 .text.HAL_UART_Init
                0x00000000080048c4       0x9c ./Drivers/STM32L4xx_HAL_Driver/Src/stm32l4xx_hal_uart.o
                0x00000000080048c4                HAL_UART_Init
 .text.UART_SetConfig
                0x0000000008004960      0x458 ./Drivers/STM32L4xx_HAL_Driver/Src/stm32l4xx_hal_uart.o
                0x0000000008004960                UART_SetConfig
 .text.UART_AdvFeatureConfig
                0x0000000008004db8      0x144 ./Drivers/STM32L4xx_HAL_Driver/Src/stm32l4xx_hal_uart.o
                0x0000000008004db8                UART_AdvFeatureConfig
 .text.UART_CheckIdleState
                0x0000000008004efc       0x92 ./Drivers/STM32L4xx_HAL_Driver/Src/stm32l4xx_hal_uart.o
                0x0000000008004efc                UART_CheckIdleState
 .text.UART_WaitOnFlagUntilTimeout
                0x0000000008004f8e      0x188 ./Drivers/STM32L4xx_HAL_Driver/Src/stm32l4xx_hal_uart.o
                0x0000000008004f8e                UART_WaitOnFlagUntilTimeout
 *fill*         0x0000000008005116        0x2 
 .text.__libc_init_array
                0x0000000008005118       0x48 /home/pedro/st/stm32cubeide_1.12.1/plugins/com.st.stm32cube.ide.mcu.externaltools.gnu-tools-for-stm32.10.3-2021.10.linux64_1.0.200.202301161003/tools/bin/../lib/gcc/arm-none-eabi/10.3.1/../../../../arm-none-eabi/lib/thumb/v7e-m+fp/hard/libc_nano.a(lib_a-init.o)
                0x0000000008005118                __libc_init_array
 .text.memset   0x0000000008005160       0x10 /home/pedro/st/stm32cubeide_1.12.1/plugins/com.st.stm32cube.ide.mcu.externaltools.gnu-tools-for-stm32.10.3-2021.10.linux64_1.0.200.202301161003/tools/bin/../lib/gcc/arm-none-eabi/10.3.1/../../../../arm-none-eabi/lib/thumb/v7e-m+fp/hard/libc_nano.a(lib_a-memset.o)
                0x0000000008005160                memset
 *(.glue_7)
 .glue_7        0x0000000008005170        0x0 linker stubs
 *(.glue_7t)
 .glue_7t       0x0000000008005170        0x0 linker stubs
 *(.eh_frame)
 .eh_frame      0x0000000008005170        0x0 /home/pedro/st/stm32cubeide_1.12.1/plugins/com.st.stm32cube.ide.mcu.externaltools.gnu-tools-for-stm32.10.3-2021.10.linux64_1.0.200.202301161003/tools/bin/../lib/gcc/arm-none-eabi/10.3.1/thumb/v7e-m+fp/hard/crtbegin.o
 *(.init)
 .init          0x0000000008005170        0x4 /home/pedro/st/stm32cubeide_1.12.1/plugins/com.st.stm32cube.ide.mcu.externaltools.gnu-tools-for-stm32.10.3-2021.10.linux64_1.0.200.202301161003/tools/bin/../lib/gcc/arm-none-eabi/10.3.1/thumb/v7e-m+fp/hard/crti.o
                0x0000000008005170                _init
 .init          0x0000000008005174        0x8 /home/pedro/st/stm32cubeide_1.12.1/plugins/com.st.stm32cube.ide.mcu.externaltools.gnu-tools-for-stm32.10.3-2021.10.linux64_1.0.200.202301161003/tools/bin/../lib/gcc/arm-none-eabi/10.3.1/thumb/v7e-m+fp/hard/crtn.o
 *(.fini)
 .fini          0x000000000800517c        0x4 /home/pedro/st/stm32cubeide_1.12.1/plugins/com.st.stm32cube.ide.mcu.externaltools.gnu-tools-for-stm32.10.3-2021.10.linux64_1.0.200.202301161003/tools/bin/../lib/gcc/arm-none-eabi/10.3.1/thumb/v7e-m+fp/hard/crti.o
                0x000000000800517c                _fini
 .fini          0x0000000008005180        0x8 /home/pedro/st/stm32cubeide_1.12.1/plugins/com.st.stm32cube.ide.mcu.externaltools.gnu-tools-for-stm32.10.3-2021.10.linux64_1.0.200.202301161003/tools/bin/../lib/gcc/arm-none-eabi/10.3.1/thumb/v7e-m+fp/hard/crtn.o
                0x0000000008005188                . = ALIGN (0x4)
                0x0000000008005188                _etext = .

.vfp11_veneer   0x0000000008005188        0x0
 .vfp11_veneer  0x0000000008005188        0x0 linker stubs

.v4_bx          0x0000000008005188        0x0
 .v4_bx         0x0000000008005188        0x0 linker stubs

.iplt           0x0000000008005188        0x0
 .iplt          0x0000000008005188        0x0 /home/pedro/st/stm32cubeide_1.12.1/plugins/com.st.stm32cube.ide.mcu.externaltools.gnu-tools-for-stm32.10.3-2021.10.linux64_1.0.200.202301161003/tools/bin/../lib/gcc/arm-none-eabi/10.3.1/thumb/v7e-m+fp/hard/crtbegin.o

.rodata         0x0000000008005188       0x48
                0x0000000008005188                . = ALIGN (0x4)
 *(.rodata)
 *(.rodata*)
 .rodata.AHBPrescTable
                0x0000000008005188       0x10 ./Core/Src/system_stm32l4xx.o
                0x0000000008005188                AHBPrescTable
 .rodata.APBPrescTable
                0x0000000008005198        0x8 ./Core/Src/system_stm32l4xx.o
                0x0000000008005198                APBPrescTable
 .rodata.MSIRangeTable
                0x00000000080051a0       0x30 ./Core/Src/system_stm32l4xx.o
                0x00000000080051a0                MSIRangeTable
                0x00000000080051d0                . = ALIGN (0x4)

.ARM.extab      0x00000000080051d0        0x0
                0x00000000080051d0                . = ALIGN (0x4)
 *(.ARM.extab* .gnu.linkonce.armextab.*)
                0x00000000080051d0                . = ALIGN (0x4)

.ARM            0x00000000080051d0        0x8
                0x00000000080051d0                . = ALIGN (0x4)
                0x00000000080051d0                __exidx_start = .
 *(.ARM.exidx*)
 .ARM.exidx     0x00000000080051d0        0x8 /home/pedro/st/stm32cubeide_1.12.1/plugins/com.st.stm32cube.ide.mcu.externaltools.gnu-tools-for-stm32.10.3-2021.10.linux64_1.0.200.202301161003/tools/bin/../lib/gcc/arm-none-eabi/10.3.1/thumb/v7e-m+fp/hard/libgcc.a(_udivmoddi4.o)
                0x00000000080051d8                __exidx_end = .
                0x00000000080051d8                . = ALIGN (0x4)

.rel.dyn        0x00000000080051d8        0x0
 .rel.iplt      0x00000000080051d8        0x0 /home/pedro/st/stm32cubeide_1.12.1/plugins/com.st.stm32cube.ide.mcu.externaltools.gnu-tools-for-stm32.10.3-2021.10.linux64_1.0.200.202301161003/tools/bin/../lib/gcc/arm-none-eabi/10.3.1/thumb/v7e-m+fp/hard/crtbegin.o

.preinit_array  0x00000000080051d8        0x0
                0x00000000080051d8                . = ALIGN (0x4)
                0x00000000080051d8                PROVIDE (__preinit_array_start = .)
 *(.preinit_array*)
                0x00000000080051d8                PROVIDE (__preinit_array_end = .)
                0x00000000080051d8                . = ALIGN (0x4)

.init_array     0x00000000080051d8        0x4
                0x00000000080051d8                . = ALIGN (0x4)
                0x00000000080051d8                PROVIDE (__init_array_start = .)
 *(SORT_BY_NAME(.init_array.*))
 *(.init_array*)
 .init_array    0x00000000080051d8        0x4 /home/pedro/st/stm32cubeide_1.12.1/plugins/com.st.stm32cube.ide.mcu.externaltools.gnu-tools-for-stm32.10.3-2021.10.linux64_1.0.200.202301161003/tools/bin/../lib/gcc/arm-none-eabi/10.3.1/thumb/v7e-m+fp/hard/crtbegin.o
                0x00000000080051dc                PROVIDE (__init_array_end = .)
                0x00000000080051dc                . = ALIGN (0x4)

.fini_array     0x00000000080051dc        0x4
                0x00000000080051dc                . = ALIGN (0x4)
                [!provide]                        PROVIDE (__fini_array_start = .)
 *(SORT_BY_NAME(.fini_array.*))
 *(.fini_array*)
 .fini_array    0x00000000080051dc        0x4 /home/pedro/st/stm32cubeide_1.12.1/plugins/com.st.stm32cube.ide.mcu.externaltools.gnu-tools-for-stm32.10.3-2021.10.linux64_1.0.200.202301161003/tools/bin/../lib/gcc/arm-none-eabi/10.3.1/thumb/v7e-m+fp/hard/crtbegin.o
                [!provide]                        PROVIDE (__fini_array_end = .)
                0x00000000080051e0                . = ALIGN (0x4)
                0x00000000080051e0                _sidata = LOADADDR (.data)

.data           0x0000000020000000        0xc load address 0x00000000080051e0
                0x0000000020000000                . = ALIGN (0x4)
                0x0000000020000000                _sdata = .
 *(.data)
 *(.data*)
 .data.SystemCoreClock
                0x0000000020000000        0x4 ./Core/Src/system_stm32l4xx.o
                0x0000000020000000                SystemCoreClock
 .data.uwTickPrio
                0x0000000020000004        0x4 ./Drivers/STM32L4xx_HAL_Driver/Src/stm32l4xx_hal.o
                0x0000000020000004                uwTickPrio
 .data.uwTickFreq
                0x0000000020000008        0x1 ./Drivers/STM32L4xx_HAL_Driver/Src/stm32l4xx_hal.o
                0x0000000020000008                uwTickFreq
 *(.RamFunc)
 *(.RamFunc*)
                0x000000002000000c                . = ALIGN (0x4)
 *fill*         0x0000000020000009        0x3 
                0x000000002000000c                _edata = .

.igot.plt       0x000000002000000c        0x0 load address 0x00000000080051ec
 .igot.plt      0x000000002000000c        0x0 /home/pedro/st/stm32cubeide_1.12.1/plugins/com.st.stm32cube.ide.mcu.externaltools.gnu-tools-for-stm32.10.3-2021.10.linux64_1.0.200.202301161003/tools/bin/../lib/gcc/arm-none-eabi/10.3.1/thumb/v7e-m+fp/hard/crtbegin.o
                0x000000002000000c                . = ALIGN (0x4)

.bss            0x000000002000000c      0x288 load address 0x00000000080051ec
                0x000000002000000c                _sbss = .
                0x000000002000000c                __bss_start__ = _sbss
 *(.bss)
 .bss           0x000000002000000c       0x1c /home/pedro/st/stm32cubeide_1.12.1/plugins/com.st.stm32cube.ide.mcu.externaltools.gnu-tools-for-stm32.10.3-2021.10.linux64_1.0.200.202301161003/tools/bin/../lib/gcc/arm-none-eabi/10.3.1/thumb/v7e-m+fp/hard/crtbegin.o
 *(.bss*)
 .bss.hi2c1     0x0000000020000028       0x54 ./Core/Src/main.o
                0x0000000020000028                hi2c1
 .bss.htim1     0x000000002000007c       0x4c ./Core/Src/main.o
                0x000000002000007c                htim1
 .bss.htim2     0x00000000200000c8       0x4c ./Core/Src/main.o
                0x00000000200000c8                htim2
 .bss.htim15    0x0000000020000114       0x4c ./Core/Src/main.o
                0x0000000020000114                htim15
 .bss.huart1    0x0000000020000160       0x84 ./Core/Src/main.o
                0x0000000020000160                huart1
 .bss.huart2    0x00000000200001e4       0x84 ./Core/Src/main.o
                0x00000000200001e4                huart2
 .bss.tim2_ch1_IC_Val1
                0x0000000020000268        0x4 ./Core/Src/main.o
                0x0000000020000268                tim2_ch1_IC_Val1
 .bss.tim2_ch2_IC_Val1
                0x000000002000026c        0x4 ./Core/Src/main.o
                0x000000002000026c                tim2_ch2_IC_Val1
 .bss.tim2_ch1_IC_Val2
                0x0000000020000270        0x4 ./Core/Src/main.o
                0x0000000020000270                tim2_ch1_IC_Val2
 .bss.tim2_ch2_IC_Val2
                0x0000000020000274        0x4 ./Core/Src/main.o
                0x0000000020000274                tim2_ch2_IC_Val2
 .bss.tim2_ch1_Difference
                0x0000000020000278        0x4 ./Core/Src/main.o
                0x0000000020000278                tim2_ch1_Difference
 .bss.tim2_ch2_Difference
                0x000000002000027c        0x4 ./Core/Src/main.o
                0x000000002000027c                tim2_ch2_Difference
 .bss.tim2_ch1_Is_First_Captured
                0x0000000020000280        0x4 ./Core/Src/main.o
                0x0000000020000280                tim2_ch1_Is_First_Captured
 .bss.tim2_ch2_Is_First_Captured
                0x0000000020000284        0x4 ./Core/Src/main.o
                0x0000000020000284                tim2_ch2_Is_First_Captured
 .bss.tim2_ch1_usWidth
                0x0000000020000288        0x4 ./Core/Src/main.o
                0x0000000020000288                tim2_ch1_usWidth
 .bss.tim2_ch2_usWidth
                0x000000002000028c        0x4 ./Core/Src/main.o
                0x000000002000028c                tim2_ch2_usWidth
 .bss.uwTick    0x0000000020000290        0x4 ./Drivers/STM32L4xx_HAL_Driver/Src/stm32l4xx_hal.o
                0x0000000020000290                uwTick
 *(COMMON)
                0x0000000020000294                . = ALIGN (0x4)
                0x0000000020000294                _ebss = .
                0x0000000020000294                __bss_end__ = _ebss

._user_heap_stack
                0x0000000020000294      0x604 load address 0x00000000080051ec
                0x0000000020000298                . = ALIGN (0x8)
 *fill*         0x0000000020000294        0x4 
                [!provide]                        PROVIDE (end = .)
                0x0000000020000298                PROVIDE (_end = .)
                0x0000000020000498                . = (. + _Min_Heap_Size)
 *fill*         0x0000000020000298      0x200 
                0x0000000020000898                . = (. + _Min_Stack_Size)
 *fill*         0x0000000020000498      0x400 
                0x0000000020000898                . = ALIGN (0x8)

/DISCARD/
 libc.a(*)
 libm.a(*)
 libgcc.a(*)

.ARM.attributes
                0x0000000000000000       0x30
 *(.ARM.attributes)
 .ARM.attributes
                0x0000000000000000       0x1e /home/pedro/st/stm32cubeide_1.12.1/plugins/com.st.stm32cube.ide.mcu.externaltools.gnu-tools-for-stm32.10.3-2021.10.linux64_1.0.200.202301161003/tools/bin/../lib/gcc/arm-none-eabi/10.3.1/thumb/v7e-m+fp/hard/crti.o
 .ARM.attributes
                0x000000000000001e       0x34 /home/pedro/st/stm32cubeide_1.12.1/plugins/com.st.stm32cube.ide.mcu.externaltools.gnu-tools-for-stm32.10.3-2021.10.linux64_1.0.200.202301161003/tools/bin/../lib/gcc/arm-none-eabi/10.3.1/thumb/v7e-m+fp/hard/crtbegin.o
 .ARM.attributes
                0x0000000000000052       0x34 ./Core/Src/main.o
 .ARM.attributes
                0x0000000000000086       0x34 ./Core/Src/stm32l4xx_hal_msp.o
 .ARM.attributes
                0x00000000000000ba       0x34 ./Core/Src/stm32l4xx_it.o
 .ARM.attributes
                0x00000000000000ee       0x34 ./Core/Src/system_stm32l4xx.o
 .ARM.attributes
                0x0000000000000122       0x21 ./Core/Startup/startup_stm32l432kcux.o
 .ARM.attributes
                0x0000000000000143       0x34 ./Drivers/STM32L4xx_HAL_Driver/Src/stm32l4xx_hal.o
 .ARM.attributes
                0x0000000000000177       0x34 ./Drivers/STM32L4xx_HAL_Driver/Src/stm32l4xx_hal_cortex.o
 .ARM.attributes
                0x00000000000001ab       0x34 ./Drivers/STM32L4xx_HAL_Driver/Src/stm32l4xx_hal_gpio.o
 .ARM.attributes
                0x00000000000001df       0x34 ./Drivers/STM32L4xx_HAL_Driver/Src/stm32l4xx_hal_i2c.o
 .ARM.attributes
                0x0000000000000213       0x34 ./Drivers/STM32L4xx_HAL_Driver/Src/stm32l4xx_hal_i2c_ex.o
 .ARM.attributes
                0x0000000000000247       0x34 ./Drivers/STM32L4xx_HAL_Driver/Src/stm32l4xx_hal_pwr_ex.o
 .ARM.attributes
                0x000000000000027b       0x34 ./Drivers/STM32L4xx_HAL_Driver/Src/stm32l4xx_hal_rcc.o
 .ARM.attributes
                0x00000000000002af       0x34 ./Drivers/STM32L4xx_HAL_Driver/Src/stm32l4xx_hal_rcc_ex.o
 .ARM.attributes
                0x00000000000002e3       0x34 ./Drivers/STM32L4xx_HAL_Driver/Src/stm32l4xx_hal_tim.o
 .ARM.attributes
                0x0000000000000317       0x34 ./Drivers/STM32L4xx_HAL_Driver/Src/stm32l4xx_hal_tim_ex.o
 .ARM.attributes
                0x000000000000034b       0x34 ./Drivers/STM32L4xx_HAL_Driver/Src/stm32l4xx_hal_uart.o
 .ARM.attributes
                0x000000000000037f       0x34 /home/pedro/st/stm32cubeide_1.12.1/plugins/com.st.stm32cube.ide.mcu.externaltools.gnu-tools-for-stm32.10.3-2021.10.linux64_1.0.200.202301161003/tools/bin/../lib/gcc/arm-none-eabi/10.3.1/../../../../arm-none-eabi/lib/thumb/v7e-m+fp/hard/libc_nano.a(lib_a-init.o)
 .ARM.attributes
                0x00000000000003b3       0x34 /home/pedro/st/stm32cubeide_1.12.1/plugins/com.st.stm32cube.ide.mcu.externaltools.gnu-tools-for-stm32.10.3-2021.10.linux64_1.0.200.202301161003/tools/bin/../lib/gcc/arm-none-eabi/10.3.1/../../../../arm-none-eabi/lib/thumb/v7e-m+fp/hard/libc_nano.a(lib_a-memset.o)
 .ARM.attributes
                0x00000000000003e7       0x1e /home/pedro/st/stm32cubeide_1.12.1/plugins/com.st.stm32cube.ide.mcu.externaltools.gnu-tools-for-stm32.10.3-2021.10.linux64_1.0.200.202301161003/tools/bin/../lib/gcc/arm-none-eabi/10.3.1/thumb/v7e-m+fp/hard/libgcc.a(_aeabi_uldivmod.o)
 .ARM.attributes
                0x0000000000000405       0x34 /home/pedro/st/stm32cubeide_1.12.1/plugins/com.st.stm32cube.ide.mcu.externaltools.gnu-tools-for-stm32.10.3-2021.10.linux64_1.0.200.202301161003/tools/bin/../lib/gcc/arm-none-eabi/10.3.1/thumb/v7e-m+fp/hard/libgcc.a(_udivmoddi4.o)
 .ARM.attributes
                0x0000000000000439       0x1e /home/pedro/st/stm32cubeide_1.12.1/plugins/com.st.stm32cube.ide.mcu.externaltools.gnu-tools-for-stm32.10.3-2021.10.linux64_1.0.200.202301161003/tools/bin/../lib/gcc/arm-none-eabi/10.3.1/thumb/v7e-m+fp/hard/libgcc.a(_dvmd_tls.o)
 .ARM.attributes
                0x0000000000000457       0x1e /home/pedro/st/stm32cubeide_1.12.1/plugins/com.st.stm32cube.ide.mcu.externaltools.gnu-tools-for-stm32.10.3-2021.10.linux64_1.0.200.202301161003/tools/bin/../lib/gcc/arm-none-eabi/10.3.1/thumb/v7e-m+fp/hard/crtn.o
OUTPUT(rc_car.elf elf32-littlearm)
LOAD linker stubs
LOAD /home/pedro/st/stm32cubeide_1.12.1/plugins/com.st.stm32cube.ide.mcu.externaltools.gnu-tools-for-stm32.10.3-2021.10.linux64_1.0.200.202301161003/tools/bin/../lib/gcc/arm-none-eabi/10.3.1/../../../../arm-none-eabi/lib/thumb/v7e-m+fp/hard/libc.a
LOAD /home/pedro/st/stm32cubeide_1.12.1/plugins/com.st.stm32cube.ide.mcu.externaltools.gnu-tools-for-stm32.10.3-2021.10.linux64_1.0.200.202301161003/tools/bin/../lib/gcc/arm-none-eabi/10.3.1/../../../../arm-none-eabi/lib/thumb/v7e-m+fp/hard/libm.a
LOAD /home/pedro/st/stm32cubeide_1.12.1/plugins/com.st.stm32cube.ide.mcu.externaltools.gnu-tools-for-stm32.10.3-2021.10.linux64_1.0.200.202301161003/tools/bin/../lib/gcc/arm-none-eabi/10.3.1/thumb/v7e-m+fp/hard/libgcc.a

.debug_info     0x0000000000000000    0x13556
 .debug_info    0x0000000000000000     0x1c1c ./Core/Src/main.o
 .debug_info    0x0000000000001c1c     0x17f4 ./Core/Src/stm32l4xx_hal_msp.o
 .debug_info    0x0000000000003410      0x7c5 ./Core/Src/stm32l4xx_it.o
 .debug_info    0x0000000000003bd5      0x5d4 ./Core/Src/system_stm32l4xx.o
 .debug_info    0x00000000000041a9       0x22 ./Core/Startup/startup_stm32l432kcux.o
 .debug_info    0x00000000000041cb      0x9da ./Drivers/STM32L4xx_HAL_Driver/Src/stm32l4xx_hal.o
 .debug_info    0x0000000000004ba5      0xda3 ./Drivers/STM32L4xx_HAL_Driver/Src/stm32l4xx_hal_cortex.o
 .debug_info    0x0000000000005948      0x821 ./Drivers/STM32L4xx_HAL_Driver/Src/stm32l4xx_hal_gpio.o
 .debug_info    0x0000000000006169     0x2232 ./Drivers/STM32L4xx_HAL_Driver/Src/stm32l4xx_hal_i2c.o
 .debug_info    0x000000000000839b      0xa53 ./Drivers/STM32L4xx_HAL_Driver/Src/stm32l4xx_hal_i2c_ex.o
 .debug_info    0x0000000000008dee      0x96b ./Drivers/STM32L4xx_HAL_Driver/Src/stm32l4xx_hal_pwr_ex.o
 .debug_info    0x0000000000009759      0xc97 ./Drivers/STM32L4xx_HAL_Driver/Src/stm32l4xx_hal_rcc.o
 .debug_info    0x000000000000a3f0      0xf5b ./Drivers/STM32L4xx_HAL_Driver/Src/stm32l4xx_hal_rcc_ex.o
 .debug_info    0x000000000000b34b     0x2d04 ./Drivers/STM32L4xx_HAL_Driver/Src/stm32l4xx_hal_tim.o
 .debug_info    0x000000000000e04f     0x17eb ./Drivers/STM32L4xx_HAL_Driver/Src/stm32l4xx_hal_tim_ex.o
 .debug_info    0x000000000000f83a     0x3d1c ./Drivers/STM32L4xx_HAL_Driver/Src/stm32l4xx_hal_uart.o

.debug_abbrev   0x0000000000000000     0x216a
 .debug_abbrev  0x0000000000000000      0x2c3 ./Core/Src/main.o
 .debug_abbrev  0x00000000000002c3      0x22a ./Core/Src/stm32l4xx_hal_msp.o
 .debug_abbrev  0x00000000000004ed      0x19e ./Core/Src/stm32l4xx_it.o
 .debug_abbrev  0x000000000000068b      0x116 ./Core/Src/system_stm32l4xx.o
 .debug_abbrev  0x00000000000007a1       0x12 ./Core/Startup/startup_stm32l432kcux.o
 .debug_abbrev  0x00000000000007b3      0x21e ./Drivers/STM32L4xx_HAL_Driver/Src/stm32l4xx_hal.o
 .debug_abbrev  0x00000000000009d1      0x316 ./Drivers/STM32L4xx_HAL_Driver/Src/stm32l4xx_hal_cortex.o
 .debug_abbrev  0x0000000000000ce7      0x1bb ./Drivers/STM32L4xx_HAL_Driver/Src/stm32l4xx_hal_gpio.o
 .debug_abbrev  0x0000000000000ea2      0x243 ./Drivers/STM32L4xx_HAL_Driver/Src/stm32l4xx_hal_i2c.o
 .debug_abbrev  0x00000000000010e5      0x1b0 ./Drivers/STM32L4xx_HAL_Driver/Src/stm32l4xx_hal_i2c_ex.o
 .debug_abbrev  0x0000000000001295      0x1f3 ./Drivers/STM32L4xx_HAL_Driver/Src/stm32l4xx_hal_pwr_ex.o
 .debug_abbrev  0x0000000000001488      0x2bd ./Drivers/STM32L4xx_HAL_Driver/Src/stm32l4xx_hal_rcc.o
 .debug_abbrev  0x0000000000001745      0x299 ./Drivers/STM32L4xx_HAL_Driver/Src/stm32l4xx_hal_rcc_ex.o
 .debug_abbrev  0x00000000000019de      0x264 ./Drivers/STM32L4xx_HAL_Driver/Src/stm32l4xx_hal_tim.o
 .debug_abbrev  0x0000000000001c42      0x26c ./Drivers/STM32L4xx_HAL_Driver/Src/stm32l4xx_hal_tim_ex.o
 .debug_abbrev  0x0000000000001eae      0x2bc ./Drivers/STM32L4xx_HAL_Driver/Src/stm32l4xx_hal_uart.o

.debug_aranges  0x0000000000000000     0x1150
 .debug_aranges
                0x0000000000000000       0x70 ./Core/Src/main.o
 .debug_aranges
                0x0000000000000070       0x78 ./Core/Src/stm32l4xx_hal_msp.o
 .debug_aranges
                0x00000000000000e8       0x88 ./Core/Src/stm32l4xx_it.o
 .debug_aranges
                0x0000000000000170       0x28 ./Core/Src/system_stm32l4xx.o
 .debug_aranges
                0x0000000000000198       0x28 ./Core/Startup/startup_stm32l432kcux.o
 .debug_aranges
                0x00000000000001c0      0x108 ./Drivers/STM32L4xx_HAL_Driver/Src/stm32l4xx_hal.o
 .debug_aranges
                0x00000000000002c8      0x118 ./Drivers/STM32L4xx_HAL_Driver/Src/stm32l4xx_hal_cortex.o
 .debug_aranges
                0x00000000000003e0       0x58 ./Drivers/STM32L4xx_HAL_Driver/Src/stm32l4xx_hal_gpio.o
 .debug_aranges
                0x0000000000000438      0x2a0 ./Drivers/STM32L4xx_HAL_Driver/Src/stm32l4xx_hal_i2c.o
 .debug_aranges
                0x00000000000006d8       0x48 ./Drivers/STM32L4xx_HAL_Driver/Src/stm32l4xx_hal_i2c_ex.o
 .debug_aranges
                0x0000000000000720      0x128 ./Drivers/STM32L4xx_HAL_Driver/Src/stm32l4xx_hal_pwr_ex.o
 .debug_aranges
                0x0000000000000848       0x90 ./Drivers/STM32L4xx_HAL_Driver/Src/stm32l4xx_hal_rcc.o
 .debug_aranges
                0x00000000000008d8       0xf0 ./Drivers/STM32L4xx_HAL_Driver/Src/stm32l4xx_hal_rcc_ex.o
 .debug_aranges
                0x00000000000009c8      0x3e0 ./Drivers/STM32L4xx_HAL_Driver/Src/stm32l4xx_hal_tim.o
 .debug_aranges
                0x0000000000000da8      0x180 ./Drivers/STM32L4xx_HAL_Driver/Src/stm32l4xx_hal_tim_ex.o
 .debug_aranges
                0x0000000000000f28      0x228 ./Drivers/STM32L4xx_HAL_Driver/Src/stm32l4xx_hal_uart.o

.debug_ranges   0x0000000000000000     0x1088
 .debug_ranges  0x0000000000000000       0x60 ./Core/Src/main.o
 .debug_ranges  0x0000000000000060       0x68 ./Core/Src/stm32l4xx_hal_msp.o
 .debug_ranges  0x00000000000000c8       0x78 ./Core/Src/stm32l4xx_it.o
 .debug_ranges  0x0000000000000140       0x18 ./Core/Src/system_stm32l4xx.o
 .debug_ranges  0x0000000000000158       0x20 ./Core/Startup/startup_stm32l432kcux.o
 .debug_ranges  0x0000000000000178       0xf8 ./Drivers/STM32L4xx_HAL_Driver/Src/stm32l4xx_hal.o
 .debug_ranges  0x0000000000000270      0x108 ./Drivers/STM32L4xx_HAL_Driver/Src/stm32l4xx_hal_cortex.o
 .debug_ranges  0x0000000000000378       0x48 ./Drivers/STM32L4xx_HAL_Driver/Src/stm32l4xx_hal_gpio.o
 .debug_ranges  0x00000000000003c0      0x290 ./Drivers/STM32L4xx_HAL_Driver/Src/stm32l4xx_hal_i2c.o
 .debug_ranges  0x0000000000000650       0x38 ./Drivers/STM32L4xx_HAL_Driver/Src/stm32l4xx_hal_i2c_ex.o
 .debug_ranges  0x0000000000000688      0x118 ./Drivers/STM32L4xx_HAL_Driver/Src/stm32l4xx_hal_pwr_ex.o
 .debug_ranges  0x00000000000007a0       0x80 ./Drivers/STM32L4xx_HAL_Driver/Src/stm32l4xx_hal_rcc.o
 .debug_ranges  0x0000000000000820       0xe0 ./Drivers/STM32L4xx_HAL_Driver/Src/stm32l4xx_hal_rcc_ex.o
 .debug_ranges  0x0000000000000900      0x3d0 ./Drivers/STM32L4xx_HAL_Driver/Src/stm32l4xx_hal_tim.o
 .debug_ranges  0x0000000000000cd0      0x170 ./Drivers/STM32L4xx_HAL_Driver/Src/stm32l4xx_hal_tim_ex.o
 .debug_ranges  0x0000000000000e40      0x248 ./Drivers/STM32L4xx_HAL_Driver/Src/stm32l4xx_hal_uart.o

.debug_macro    0x0000000000000000    0x22233
 .debug_macro   0x0000000000000000      0x1f9 ./Core/Src/main.o
 .debug_macro   0x00000000000001f9      0xb50 ./Core/Src/main.o
 .debug_macro   0x0000000000000d49      0x1ad ./Core/Src/main.o
 .debug_macro   0x0000000000000ef6       0x2e ./Core/Src/main.o
 .debug_macro   0x0000000000000f24       0x28 ./Core/Src/main.o
 .debug_macro   0x0000000000000f4c       0x1c ./Core/Src/main.o
 .debug_macro   0x0000000000000f68       0x22 ./Core/Src/main.o
 .debug_macro   0x0000000000000f8a       0x8e ./Core/Src/main.o
 .debug_macro   0x0000000000001018       0x51 ./Core/Src/main.o
 .debug_macro   0x0000000000001069      0x103 ./Core/Src/main.o
 .debug_macro   0x000000000000116c       0x6a ./Core/Src/main.o
 .debug_macro   0x00000000000011d6      0x1df ./Core/Src/main.o
 .debug_macro   0x00000000000013b5       0x1c ./Core/Src/main.o
 .debug_macro   0x00000000000013d1       0x22 ./Core/Src/main.o
 .debug_macro   0x00000000000013f3       0xfb ./Core/Src/main.o
 .debug_macro   0x00000000000014ee     0x1011 ./Core/Src/main.o
 .debug_macro   0x00000000000024ff      0x11f ./Core/Src/main.o
 .debug_macro   0x000000000000261e    0x147a6 ./Core/Src/main.o
 .debug_macro   0x0000000000016dc4       0x6d ./Core/Src/main.o
 .debug_macro   0x0000000000016e31     0x38e6 ./Core/Src/main.o
 .debug_macro   0x000000000001a717      0x17b ./Core/Src/main.o
 .debug_macro   0x000000000001a892       0x5c ./Core/Src/main.o
 .debug_macro   0x000000000001a8ee     0x11ca ./Core/Src/main.o
 .debug_macro   0x000000000001bab8      0x53c ./Core/Src/main.o
 .debug_macro   0x000000000001bff4      0x1b9 ./Core/Src/main.o
 .debug_macro   0x000000000001c1ad      0x122 ./Core/Src/main.o
 .debug_macro   0x000000000001c2cf      0x26b ./Core/Src/main.o
 .debug_macro   0x000000000001c53a      0x23d ./Core/Src/main.o
 .debug_macro   0x000000000001c777      0x241 ./Core/Src/main.o
 .debug_macro   0x000000000001c9b8      0x375 ./Core/Src/main.o
 .debug_macro   0x000000000001cd2d       0xd6 ./Core/Src/main.o
 .debug_macro   0x000000000001ce03      0x22c ./Core/Src/main.o
 .debug_macro   0x000000000001d02f       0x61 ./Core/Src/main.o
 .debug_macro   0x000000000001d090       0xa5 ./Core/Src/main.o
 .debug_macro   0x000000000001d135      0x122 ./Core/Src/main.o
 .debug_macro   0x000000000001d257      0x356 ./Core/Src/main.o
 .debug_macro   0x000000000001d5ad      0xa91 ./Core/Src/main.o
 .debug_macro   0x000000000001e03e      0x12d ./Core/Src/main.o
 .debug_macro   0x000000000001e16b      0x5ba ./Core/Src/main.o
 .debug_macro   0x000000000001e725       0x44 ./Core/Src/main.o
 .debug_macro   0x000000000001e769      0x220 ./Core/Src/main.o
 .debug_macro   0x000000000001e989       0xc4 ./Core/Src/main.o
 .debug_macro   0x000000000001ea4d      0x1e8 ./Core/Src/stm32l4xx_hal_msp.o
 .debug_macro   0x000000000001ec35      0xa78 ./Core/Src/stm32l4xx_hal_msp.o
 .debug_macro   0x000000000001f6ad     0x1011 ./Core/Src/stm32l4xx_hal_msp.o
 .debug_macro   0x00000000000206be      0x174 ./Core/Src/stm32l4xx_hal_msp.o
 .debug_macro   0x0000000000020832      0x1f2 ./Core/Src/stm32l4xx_it.o
 .debug_macro   0x0000000000020a24      0x1d9 ./Core/Src/system_stm32l4xx.o
 .debug_macro   0x0000000000020bfd      0x221 ./Drivers/STM32L4xx_HAL_Driver/Src/stm32l4xx_hal.o
 .debug_macro   0x0000000000020e1e      0x1d9 ./Drivers/STM32L4xx_HAL_Driver/Src/stm32l4xx_hal_cortex.o
 .debug_macro   0x0000000000020ff7      0x1e0 ./Drivers/STM32L4xx_HAL_Driver/Src/stm32l4xx_hal_gpio.o
 .debug_macro   0x00000000000211d7      0x2a5 ./Drivers/STM32L4xx_HAL_Driver/Src/stm32l4xx_hal_i2c.o
 .debug_macro   0x000000000002147c      0x1d9 ./Drivers/STM32L4xx_HAL_Driver/Src/stm32l4xx_hal_i2c_ex.o
 .debug_macro   0x0000000000021655      0x1fd ./Drivers/STM32L4xx_HAL_Driver/Src/stm32l4xx_hal_pwr_ex.o
 .debug_macro   0x0000000000021852      0x21b ./Drivers/STM32L4xx_HAL_Driver/Src/stm32l4xx_hal_rcc.o
 .debug_macro   0x0000000000021a6d      0x20f ./Drivers/STM32L4xx_HAL_Driver/Src/stm32l4xx_hal_rcc_ex.o
 .debug_macro   0x0000000000021c7c      0x1da ./Drivers/STM32L4xx_HAL_Driver/Src/stm32l4xx_hal_tim.o
 .debug_macro   0x0000000000021e56      0x1d9 ./Drivers/STM32L4xx_HAL_Driver/Src/stm32l4xx_hal_tim_ex.o
 .debug_macro   0x000000000002202f      0x204 ./Drivers/STM32L4xx_HAL_Driver/Src/stm32l4xx_hal_uart.o

.debug_line     0x0000000000000000    0x13b84
 .debug_line    0x0000000000000000      0xb0c ./Core/Src/main.o
 .debug_line    0x0000000000000b0c      0x913 ./Core/Src/stm32l4xx_hal_msp.o
 .debug_line    0x000000000000141f      0x829 ./Core/Src/stm32l4xx_it.o
 .debug_line    0x0000000000001c48      0x785 ./Core/Src/system_stm32l4xx.o
 .debug_line    0x00000000000023cd       0x88 ./Core/Startup/startup_stm32l432kcux.o
 .debug_line    0x0000000000002455      0xa4a ./Drivers/STM32L4xx_HAL_Driver/Src/stm32l4xx_hal.o
 .debug_line    0x0000000000002e9f      0xc84 ./Drivers/STM32L4xx_HAL_Driver/Src/stm32l4xx_hal_cortex.o
 .debug_line    0x0000000000003b23      0xad4 ./Drivers/STM32L4xx_HAL_Driver/Src/stm32l4xx_hal_gpio.o
 .debug_line    0x00000000000045f7     0x366f ./Drivers/STM32L4xx_HAL_Driver/Src/stm32l4xx_hal_i2c.o
 .debug_line    0x0000000000007c66      0x90b ./Drivers/STM32L4xx_HAL_Driver/Src/stm32l4xx_hal_i2c_ex.o
 .debug_line    0x0000000000008571      0xbdc ./Drivers/STM32L4xx_HAL_Driver/Src/stm32l4xx_hal_pwr_ex.o
 .debug_line    0x000000000000914d      0xf95 ./Drivers/STM32L4xx_HAL_Driver/Src/stm32l4xx_hal_rcc.o
 .debug_line    0x000000000000a0e2     0x12af ./Drivers/STM32L4xx_HAL_Driver/Src/stm32l4xx_hal_rcc_ex.o
 .debug_line    0x000000000000b391     0x3b1a ./Drivers/STM32L4xx_HAL_Driver/Src/stm32l4xx_hal_tim.o
 .debug_line    0x000000000000eeab     0x1aeb ./Drivers/STM32L4xx_HAL_Driver/Src/stm32l4xx_hal_tim_ex.o
 .debug_line    0x0000000000010996     0x31ee ./Drivers/STM32L4xx_HAL_Driver/Src/stm32l4xx_hal_uart.o

.debug_str      0x0000000000000000    0xc8f5b
 .debug_str     0x0000000000000000    0xc45af ./Core/Src/main.o
                                      0xc4ccd (size before relaxing)
 .debug_str     0x00000000000c45af      0x8a4 ./Core/Src/stm32l4xx_hal_msp.o
                                      0xc43ea (size before relaxing)
 .debug_str     0x00000000000c4e53      0x132 ./Core/Src/stm32l4xx_it.o
                                      0xc375e (size before relaxing)
 .debug_str     0x00000000000c4f85       0xf2 ./Core/Src/system_stm32l4xx.o
                                      0xc30b7 (size before relaxing)
 .debug_str     0x00000000000c5077       0x36 ./Core/Startup/startup_stm32l432kcux.o
                                         0x6d (size before relaxing)
 .debug_str     0x00000000000c50ad      0x500 ./Drivers/STM32L4xx_HAL_Driver/Src/stm32l4xx_hal.o
                                      0xc3a44 (size before relaxing)
 .debug_str     0x00000000000c55ad      0x31d ./Drivers/STM32L4xx_HAL_Driver/Src/stm32l4xx_hal_cortex.o
                                      0xc37e5 (size before relaxing)
 .debug_str     0x00000000000c58ca       0xff ./Drivers/STM32L4xx_HAL_Driver/Src/stm32l4xx_hal_gpio.o
                                      0xc322b (size before relaxing)
 .debug_str     0x00000000000c59c9      0xdd4 ./Drivers/STM32L4xx_HAL_Driver/Src/stm32l4xx_hal_i2c.o
                                      0xc42b8 (size before relaxing)
 .debug_str     0x00000000000c679d       0xb8 ./Drivers/STM32L4xx_HAL_Driver/Src/stm32l4xx_hal_i2c_ex.o
                                      0xc35ee (size before relaxing)
 .debug_str     0x00000000000c6855      0x44e ./Drivers/STM32L4xx_HAL_Driver/Src/stm32l4xx_hal_pwr_ex.o
                                      0xc355f (size before relaxing)
 .debug_str     0x00000000000c6ca3      0x381 ./Drivers/STM32L4xx_HAL_Driver/Src/stm32l4xx_hal_rcc.o
                                      0xc36b7 (size before relaxing)
 .debug_str     0x00000000000c7024      0x524 ./Drivers/STM32L4xx_HAL_Driver/Src/stm32l4xx_hal_rcc_ex.o
                                      0xc3917 (size before relaxing)
 .debug_str     0x00000000000c7548      0xc9e ./Drivers/STM32L4xx_HAL_Driver/Src/stm32l4xx_hal_tim.o
                                      0xc43e4 (size before relaxing)
 .debug_str     0x00000000000c81e6      0x4ae ./Drivers/STM32L4xx_HAL_Driver/Src/stm32l4xx_hal_tim_ex.o
                                      0xc3d08 (size before relaxing)
 .debug_str     0x00000000000c8694      0x8c7 ./Drivers/STM32L4xx_HAL_Driver/Src/stm32l4xx_hal_uart.o
                                      0xc3de7 (size before relaxing)

.comment        0x0000000000000000       0x50
 .comment       0x0000000000000000       0x50 ./Core/Src/main.o
                                         0x51 (size before relaxing)
 .comment       0x0000000000000050       0x51 ./Core/Src/stm32l4xx_hal_msp.o
 .comment       0x0000000000000050       0x51 ./Core/Src/stm32l4xx_it.o
 .comment       0x0000000000000050       0x51 ./Core/Src/system_stm32l4xx.o
 .comment       0x0000000000000050       0x51 ./Drivers/STM32L4xx_HAL_Driver/Src/stm32l4xx_hal.o
 .comment       0x0000000000000050       0x51 ./Drivers/STM32L4xx_HAL_Driver/Src/stm32l4xx_hal_cortex.o
 .comment       0x0000000000000050       0x51 ./Drivers/STM32L4xx_HAL_Driver/Src/stm32l4xx_hal_gpio.o
 .comment       0x0000000000000050       0x51 ./Drivers/STM32L4xx_HAL_Driver/Src/stm32l4xx_hal_i2c.o
 .comment       0x0000000000000050       0x51 ./Drivers/STM32L4xx_HAL_Driver/Src/stm32l4xx_hal_i2c_ex.o
 .comment       0x0000000000000050       0x51 ./Drivers/STM32L4xx_HAL_Driver/Src/stm32l4xx_hal_pwr_ex.o
 .comment       0x0000000000000050       0x51 ./Drivers/STM32L4xx_HAL_Driver/Src/stm32l4xx_hal_rcc.o
 .comment       0x0000000000000050       0x51 ./Drivers/STM32L4xx_HAL_Driver/Src/stm32l4xx_hal_rcc_ex.o
 .comment       0x0000000000000050       0x51 ./Drivers/STM32L4xx_HAL_Driver/Src/stm32l4xx_hal_tim.o
 .comment       0x0000000000000050       0x51 ./Drivers/STM32L4xx_HAL_Driver/Src/stm32l4xx_hal_tim_ex.o
 .comment       0x0000000000000050       0x51 ./Drivers/STM32L4xx_HAL_Driver/Src/stm32l4xx_hal_uart.o

.debug_frame    0x0000000000000000     0x4a1c
 .debug_frame   0x0000000000000000      0x174 ./Core/Src/main.o
 .debug_frame   0x0000000000000174      0x1cc ./Core/Src/stm32l4xx_hal_msp.o
 .debug_frame   0x0000000000000340      0x190 ./Core/Src/stm32l4xx_it.o
 .debug_frame   0x00000000000004d0       0x58 ./Core/Src/system_stm32l4xx.o
 .debug_frame   0x0000000000000528      0x3dc ./Drivers/STM32L4xx_HAL_Driver/Src/stm32l4xx_hal.o
 .debug_frame   0x0000000000000904      0x498 ./Drivers/STM32L4xx_HAL_Driver/Src/stm32l4xx_hal_cortex.o
 .debug_frame   0x0000000000000d9c      0x14c ./Drivers/STM32L4xx_HAL_Driver/Src/stm32l4xx_hal_gpio.o
 .debug_frame   0x0000000000000ee8      0xc38 ./Drivers/STM32L4xx_HAL_Driver/Src/stm32l4xx_hal_i2c.o
 .debug_frame   0x0000000000001b20      0x100 ./Drivers/STM32L4xx_HAL_Driver/Src/stm32l4xx_hal_i2c_ex.o
 .debug_frame   0x0000000000001c20      0x4a4 ./Drivers/STM32L4xx_HAL_Driver/Src/stm32l4xx_hal_pwr_ex.o
 .debug_frame   0x00000000000020c4      0x21c ./Drivers/STM32L4xx_HAL_Driver/Src/stm32l4xx_hal_rcc.o
 .debug_frame   0x00000000000022e0      0x3d0 ./Drivers/STM32L4xx_HAL_Driver/Src/stm32l4xx_hal_rcc_ex.o
 .debug_frame   0x00000000000026b0     0x121c ./Drivers/STM32L4xx_HAL_Driver/Src/stm32l4xx_hal_tim.o
 .debug_frame   0x00000000000038cc      0x6b0 ./Drivers/STM32L4xx_HAL_Driver/Src/stm32l4xx_hal_tim_ex.o
 .debug_frame   0x0000000000003f7c      0x9f4 ./Drivers/STM32L4xx_HAL_Driver/Src/stm32l4xx_hal_uart.o
 .debug_frame   0x0000000000004970       0x2c /home/pedro/st/stm32cubeide_1.12.1/plugins/com.st.stm32cube.ide.mcu.externaltools.gnu-tools-for-stm32.10.3-2021.10.linux64_1.0.200.202301161003/tools/bin/../lib/gcc/arm-none-eabi/10.3.1/../../../../arm-none-eabi/lib/thumb/v7e-m+fp/hard/libc_nano.a(lib_a-init.o)
 .debug_frame   0x000000000000499c       0x20 /home/pedro/st/stm32cubeide_1.12.1/plugins/com.st.stm32cube.ide.mcu.externaltools.gnu-tools-for-stm32.10.3-2021.10.linux64_1.0.200.202301161003/tools/bin/../lib/gcc/arm-none-eabi/10.3.1/../../../../arm-none-eabi/lib/thumb/v7e-m+fp/hard/libc_nano.a(lib_a-memset.o)
 .debug_frame   0x00000000000049bc       0x2c /home/pedro/st/stm32cubeide_1.12.1/plugins/com.st.stm32cube.ide.mcu.externaltools.gnu-tools-for-stm32.10.3-2021.10.linux64_1.0.200.202301161003/tools/bin/../lib/gcc/arm-none-eabi/10.3.1/thumb/v7e-m+fp/hard/libgcc.a(_aeabi_uldivmod.o)
 .debug_frame   0x00000000000049e8       0x34 /home/pedro/st/stm32cubeide_1.12.1/plugins/com.st.stm32cube.ide.mcu.externaltools.gnu-tools-for-stm32.10.3-2021.10.linux64_1.0.200.202301161003/tools/bin/../lib/gcc/arm-none-eabi/10.3.1/thumb/v7e-m+fp/hard/libgcc.a(_udivmoddi4.o)
