../Core/Src/main.cpp:127:6:void HAL_TIM_IC_CaptureCallback(TIM_HandleTypeDef*)	32	static
../Core/Src/main.cpp:197:5:int main()	16	static
../Core/Src/main.cpp:265:6:void SystemClock_Config()	96	static
../Core/Src/main.cpp:316:13:void MX_I2C1_Init()	8	static
../Core/Src/main.cpp:364:13:void MX_TIM1_Init()	96	static
../Core/Src/main.cpp:438:13:void MX_TIM2_Init()	56	static
../Core/Src/main.cpp:500:13:void MX_TIM15_Init()	40	static
../Core/Src/main.cpp:549:13:void MX_USART1_UART_Init()	8	static
../Core/Src/main.cpp:584:13:void MX_USART2_UART_Init()	8	static
../Core/Src/main.cpp:619:13:void MX_GPIO_Init()	40	static
../Core/Src/main.cpp:658:6:void Error_Handler()	4	static,ignoring_inline_asm
